// Jest Snapshot v1, https://goo.gl/fbAQLP

exports[`<DateSquare /> matches Snapshot 1`] = `
<div>
  <div
    className="noPadding"
    data-test="month"
    style={
      Object {
        "fontSize": "1.2rem",
      }
    }
  >
    Jan
  </div>
  <hr
    className="noPadding"
  />
  <div
    data-test="day"
    style={
      Object {
        "fontSize": "2rem",
      }
    }
  >
    2
  </div>
</div>
`;
